// Jest Snapshot v1, https://goo.gl/fbAQLP

exports[`Pruebas en el coponente FirstApp Debe de hacer match con el snapshot 1`] = `
<div>
  <div>
    <h1
      data-testid="test-title"
      style="margin: 0px;"
    >
       
      Hola, soy Goku
       
    </h1>
    <h2
      style="margin: 0px;"
    >
      <strong>
        Sin subtítulo
      </strong>
    </h2>
    <h2
      style="margin: 0px;"
    >
      <strong>
        Sin subtítulo
      </strong>
    </h2>
    <p
      style="margin: 0px;"
    >
      Tonatiuj Sácnhez
    </p>
  </div>
</div>
`;
